// Jest Snapshot v1, https://goo.gl/fbAQLP

exports[`renders BoardHeader component 1`] = `
"<div className=\\"board-header\\">
  <Connect(BoardTitle) board={[undefined]} />
  <MenuToggler toggleMenu={[Function]} menuHidden={true} />
  <BoardMenuWrapper menuHidden={true} toggleMenu={[Function]} />
</div>"
`;
