// Jest Snapshot v1, https://goo.gl/fbAQLP

exports[`renders BoardHeader component 1`] = `
"<div className=\\"board-header\\">
  <div className=\\"board-header--left\\">
    <Connect(BoardTitle) board={[undefined]} />
    <Connect(AutoSave) />
  </div>
  <MenuToggler toggleMenu={[Function]} menuHidden={true} />
  <BoardMenu menuHidden={true} toggleMenu={[Function]} />
</div>"
`;
