// Jest Snapshot v1, https://goo.gl/fbAQLP

exports[`renders BoardTitle component 1`] = `
"<div>
  <input className=\\"board-title__input\\" value=\\"title\\" onChange={[Function]} onKeyDown={[Function]} onBlur={[Function]} onFocus={[Function]} onMouseOver={[Function]} onMouseOut={[Function]} />
</div>"
`;
