// Jest Snapshot v1, https://goo.gl/fbAQLP

exports[`renders ChangeBackground component 1`] = `
"<div className=\\"colors\\">
  <Connect(ChangeBackgroundOption) color=\\"purple\\" />
  <Connect(ChangeBackgroundOption) color=\\"green\\" />
  <Connect(ChangeBackgroundOption) color=\\"blue\\" />
  <Connect(ChangeBackgroundOption) color=\\"red\\" />
  <Connect(ChangeBackgroundOption) color=\\"orange\\" />
</div>"
`;

exports[`renders ChangeBackgroundOption component 1`] = `"<div className=\\"colors__option\\" style={{...}} onClick={[Function: updateBoardBackgroundColor]} />"`;
