// Jest Snapshot v1, https://goo.gl/fbAQLP

exports[`renders Navbar component 1`] = `
"<div className=\\"navbar\\">
   
  <Link to=\\"/\\" className=\\"navbar__link\\">
    <h1 className=\\"navbar__logo\\">
      Geckrello
    </h1>
  </Link>
  <a href=\\"/api/v1/users/logout\\" className=\\"navbar__button\\">
    Log Out
  </a>
</div>"
`;
