// Jest Snapshot v1, https://goo.gl/fbAQLP

exports[`renders Archive component 1`] = `
"<div>
  <div className=\\"archive-toggle\\">
    <button className=\\"archive-toggle__button archive-toggle__button--active\\" onClick={[Function]}>
      Lists
    </button>
    <button className=\\"archive-toggle__button archive-toggle__button--inactive\\" onClick={[Function]}>
      Cards
    </button>
  </div>
  <div className=\\"archive__list\\">
    <Connect(ArchiveItem) itemId=\\"1\\" itemTitle=\\"List 1\\" itemType=\\"list\\" />
    <Connect(ArchiveItem) itemId=\\"2\\" itemTitle=\\"List 2\\" itemType=\\"list\\" />
  </div>
</div>"
`;

exports[`renders ArchiveItem component 1`] = `
"<div className=\\"archive__item\\">
  <div className=\\"archive__item--title\\" />
  <button className=\\"archive__item--restore\\" onClick={[Function: restore]}>
    Restore
  </button>
</div>"
`;
